./.local/lib/python3.13/site-packages/ghunt/modules/drive.py:58: SyntaxWarning: invalid escape sequence '\['
  gb.rc.print(f"\nType : {file_type} [italic]\[{file.mime_type}][/italic]")
  File "./hermes-agent/tools/worm_offensive_tools.py", line 1
    \"\"\"Lethal Offensive Toolset for YOUSEF SHTIWE [WORM V2]\"\"\"
     ^
SyntaxError: unexpected character after line continuation character
